DockerRegistryExercise


Excersice to set a Docekr Registry on 1 server and accessing to registry from other

Registri server name: ip-10-0-1-101
Cliente server name : ip-10-0-1-102


SErver 101
our Hardware Enablement Stack (HWE) is supported until April 2023.
Last login: Fri Apr  3 15:32:55 2020 from 192.168.56.1
quetza@master:~$ docker version
Client:
 Version:           18.09.5
 API version:       1.39
 Go version:        go1.10.8
 Git commit:        e8ff056
 Built:             Thu Apr 11 04:43:57 2019
 OS/Arch:           linux/amd64
 Experimental:      false

Server: Docker Engine - Community
 Engine:
  Version:          18.09.5
  API version:      1.39 (minimum version 1.12)
  Go version:       go1.10.8
  Git commit:       e8ff056
  Built:            Thu Apr 11 04:10:53 2019
  OS/Arch:          linux/amd64
  Experimental:     false
quetza@master:~$ pwd
/home/quetza
quetza@master:~$ }cd docker/

Command '}cd' not found, did you mean:

  command 'bcd' from deb bsdgames
  command 'hcd' from deb hfsutils
  command 'mcd' from deb mtools

Try: apt install <deb name>

dquetza@master:~$ docker run hello-world
Unable to find image 'hello-world:latest' locally
latest: Pulling from library/hello-world
1b930d010525: Pull complete
Digest: sha256:f9dfddf63636d84ef479d645ab5885156ae030f611a56f3a7ac7f2fdd86d7e4e
Status: Downloaded newer image for hello-world:latest

Hello from Docker!
This message shows that your installation appears to be working correctly.

To generate this message, Docker took the following steps:
 1. The Docker client contacted the Docker daemon.
 2. The Docker daemon pulled the "hello-world" image from the Docker Hub.
    (amd64)
 3. The Docker daemon created a new container from that image which runs the
    executable that produces the output you are currently reading.
 4. The Docker daemon streamed that output to the Docker client, which sent it
    to your terminal.

To try something more ambitious, you can run an Ubuntu container with:
 $ docker run -it ubuntu bash

Share images, automate workflows, and more with a free Docker ID:
 https://hub.docker.com/

For more examples and ideas, visit:
 https://docs.docker.com/get-started/

quetza@master:~$ docker run -it ubuntu bash
Unable to find image 'ubuntu:latest' locally
latest: Pulling from library/ubuntu
5bed26d33875: Pull complete
f11b29a9c730: Pull complete
930bda195c84: Pull complete
78bf9a5ad49e: Pull complete
Digest: sha256:bec5a2727be7fff3d308193cfde3491f8fba1a2ba392b7546b43a051853a341d
Status: Downloaded newer image for ubuntu:latest
root@7eade4feb5e2:/# id
uid=0(root) gid=0(root) groups=0(root)
root@7eade4feb5e2:/# uname -a
Linux 7eade4feb5e2 5.3.0-45-generic #37~18.04.1-Ubuntu SMP Fri Mar 27 15:58:10 UTC 2020 x86_64 x86_64 x86_64 GNU/Linux
root@7eade4feb5e2:/#
root@7eade4feb5e2:/#
root@7eade4feb5e2:/#
root@7eade4feb5e2:/# docker run busybox echo hello world!
bash: docker: command not found
root@7eade4feb5e2:/# exit
exit
quetza@master:~$ docker ls
docker: 'ls' is not a docker command.
See 'docker --help'
quetza@master:~$ docker ls
docker: 'ls' is not a docker command.
See 'docker --help'
quetza@master:~$ which docker
/usr/bin/docker
quetza@master:~$ docker image ls
REPOSITORY          TAG                 IMAGE ID            CREATED             SIZE
ubuntu              latest              4e5021d210f6        2 weeks ago         64.2MB
hello-world         latest              fce289e99eb9        15 months ago       1.84kB
quetza@master:~$ docker ps
CONTAINER ID        IMAGE               COMMAND             CREATED             STATUS              PORTS               NAMES
quetza@master:~$
quetza@master:~$ docker run busybox echo hello world!
Unable to find image 'busybox:latest' locally
latest: Pulling from library/busybox
0669b0daf1fb: Pull complete
Digest: sha256:b26cd013274a657b86e706210ddd5cc1f82f50155791199d29b9e86e935ce135
Status: Downloaded newer image for busybox:latest
hello world!
quetza@master:~$ docker image ls
REPOSITORY          TAG                 IMAGE ID            CREATED             SIZE
ubuntu              latest              4e5021d210f6        2 weeks ago         64.2MB
busybox             latest              83aa35aa1c79        3 weeks ago         1.22MB
hello-world         latest              fce289e99eb9        15 months ago       1.84kB
quetza@master:~$ docker ps
CONTAINER ID        IMAGE               COMMAND             CREATED             STATUS              PORTS               NAMES
quetza@master:~$ docker container ls
CONTAINER ID        IMAGE               COMMAND             CREATED             STATUS              PORTS               NAMES
quetza@master:~$ docker run nginx:1.15.11
Unable to find image 'nginx:1.15.11' locally
1.15.11: Pulling from library/nginx
27833a3ba0a5: Pull complete
eb51733b5bc0: Pull complete
994d4a01fbe9: Pull complete
Digest: sha256:50174b19828157e94f8273e3991026dc7854ec7dd2bbb33e7d3bd91f0a4b333d
Status: Downloaded newer image for nginx:1.15.11



^T^Cquetza@master:~$
quetza@master:~$
quetza@master:~$ ssh cloud_user@18.209.104.203
The authenticity of host '18.209.104.203 (18.209.104.203)' can't be established.
ECDSA key fingerprint is SHA256:7WL2oMXSj/3+SPdTDr3wLF3q+yRoAxYIxH6rfC3E0ls.
Are you sure you want to continue connecting (yes/no)? yes
Warning: Permanently added '18.209.104.203' (ECDSA) to the list of known hosts.
Password:
Password:
Welcome to Ubuntu 18.04.3 LTS (GNU/Linux 4.15.0-1052-aws x86_64)

 * Documentation:  https://help.ubuntu.com
 * Management:     https://landscape.canonical.com
 * Support:        https://ubuntu.com/advantage

  System information as of Fri Apr  3 23:08:20 UTC 2020

  System load:  0.0                Processes:              90
  Usage of /:   12.8% of 19.32GB   Users logged in:        0
  Memory usage: 14%                IP address for eth0:    10.0.1.102
  Swap usage:   0%                 IP address for docker0: 172.17.0.1

 * Kubernetes 1.18 GA is now available! See https://microk8s.io for docs or
   install it with:

     sudo snap install microk8s --channel=1.18 --classic

 * Multipass 1.1 adds proxy support for developers behind enterprise
   firewalls. Rapid prototyping for cloud operations just got easier.

     https://multipass.run/

  Get cloud support with Ubuntu Advantage Cloud Guest:
    http://www.ubuntu.com/business/services/cloud

53 packages can be updated.
0 updates are security updates.


*** System restart required ***

The programs included with the Ubuntu system are free software;
the exact distribution terms for each program are described in the
individual files in /usr/share/doc/*/copyright.

Ubuntu comes with ABSOLUTELY NO WARRANTY, to the extent permitted by
applicable law.

cloud_user@ip-10-0-1-102:~$ echo $HOSTNAME
ip-10-0-1-102
cloud_user@ip-10-0-1-102:~$
cloud_user@ip-10-0-1-102:~$
cloud_user@ip-10-0-1-102:~$
cloud_user@ip-10-0-1-102:~$ file ~/registry/certs/domain.crt
/home/cloud_user/registry/certs/domain.crt: cannot open `/home/cloud_user/registry/certs/domain.crt' (No such file or directory)
cloud_user@ip-10-0-1-102:~$ sudo scp cloud_user@ip-10-0-1-101:/home/cloud_user/registry/certs/domain.crt /etc/docker/certs.d/ip-10-0-1-101:443
[sudo] password for cloud_user:
The authenticity of host 'ip-10-0-1-101 (10.0.1.101)' can't be established.
ECDSA key fingerprint is SHA256:3v8f+Lz3ppP/gWrQqouQghejb68CCkDjW1H5pTGQpr8.
Are you sure you want to continue connecting (yes/no)? yes
Warning: Permanently added 'ip-10-0-1-101,10.0.1.101' (ECDSA) to the list of known hosts.


yes
Password:
Password:
cloud_user@ip-10-0-1-102:~$ sudo mkdir -p /etc/docker/certs.d/ip-10-0-1-101:443
cloud_user@ip-10-0-1-102:~$ sudo scp cloud_user@ip-10-0-1-101:/home/cloud_user/registry/certs/domain.crt /etc/docker/certs.d/ip-10-0-1-101:443
Password:
domain.crt                                                                                                                           100% 1984     2.0MB/s   00:00
cloud_user@ip-10-0-1-102:~$ docker login ip-10-0-1-101:443
Username: docker
Password:
Error response from daemon: login attempt to https://ip-10-0-1-101:443/v2/ failed with status: 401 Unauthorized
cloud_user@ip-10-0-1-102:~$
cloud_user@ip-10-0-1-102:~$
cloud_user@ip-10-0-1-102:~$
cloud_user@ip-10-0-1-102:~$
cloud_user@ip-10-0-1-102:~$
cloud_user@ip-10-0-1-102:~$
cloud_user@ip-10-0-1-102:~$ logout
Connection to 18.209.104.203 closed.
quetza@master:~$ ssh cloud_user@54.146.179.224
The authenticity of host '54.146.179.224 (54.146.179.224)' can't be established.
ECDSA key fingerprint is SHA256:NpH+y1C4XdocoYsnxmTbuO44Er0WRilikTIp7JYKGFA.
Are you sure you want to continue connecting (yes/no)? yes
Warning: Permanently added '54.146.179.224' (ECDSA) to the list of known hosts.
Password:
Welcome to Ubuntu 18.04.3 LTS (GNU/Linux 4.15.0-1052-aws x86_64)

 * Documentation:  https://help.ubuntu.com
 * Management:     https://landscape.canonical.com
 * Support:        https://ubuntu.com/advantage

  System information as of Sat Apr  4 00:36:50 UTC 2020

  System load:  0.0                Processes:              101
  Usage of /:   12.8% of 19.32GB   Users logged in:        0
  Memory usage: 7%                 IP address for eth0:    10.0.1.101
  Swap usage:   0%                 IP address for docker0: 172.17.0.1

 * Kubernetes 1.18 GA is now available! See https://microk8s.io for docs or
   install it with:

     sudo snap install microk8s --channel=1.18 --classic

 * Multipass 1.1 adds proxy support for developers behind enterprise
   firewalls. Rapid prototyping for cloud operations just got easier.

     https://multipass.run/

  Get cloud support with Ubuntu Advantage Cloud Guest:
    http://www.ubuntu.com/business/services/cloud

53 packages can be updated.
0 updates are security updates.


*** System restart required ***

The programs included with the Ubuntu system are free software;
the exact distribution terms for each program are described in the
individual files in /usr/share/doc/*/copyright.

Ubuntu comes with ABSOLUTELY NO WARRANTY, to the extent permitted by
applicable law.

cloud_user@ip-10-0-1-101:~$ mkdir -p ~/registry/auth
cloud_user@ip-10-0-1-101:~$ docker run --entrypoint htpasswd \
>   registry:2 -Bbn docker d0ck3rrU73z > ~/registry/auth/htpasswd
Unable to find image 'registry:2' locally
2: Pulling from library/registry
486039affc0a: Pulling fs layer
ba51a3b098e6: Pulling fs layer
8bb4c43d6c8e: Pulling fs layer
6f5f453e5f2d: Pulling fs layer
42bc10b72f42: Pulling fs layer
6f5f453e5f2d: Waiting
42bc10b72f42: Waiting
ba51a3b098e6: Verifying Checksum
ba51a3b098e6: Download complete
486039affc0a: Verifying Checksum
486039affc0a: Download complete
8bb4c43d6c8e: Verifying Checksum
8bb4c43d6c8e: Download complete
6f5f453e5f2d: Verifying Checksum
6f5f453e5f2d: Download complete
42bc10b72f42: Verifying Checksum
42bc10b72f42: Download complete
486039affc0a: Pull complete
ba51a3b098e6: Pull complete
8bb4c43d6c8e: Pull complete
6f5f453e5f2d: Pull complete
42bc10b72f42: Pull complete
Digest: sha256:7d081088e4bfd632a88e3f3bcd9e007ef44a796fddfe3261407a3f9f04abe1e7
Status: Downloaded newer image for registry:2
cloud_user@ip-10-0-1-101:~$ mkdir -p ~/registry/certs
cloud_user@ip-10-0-1-101:~$ openssl req \
>   -newkey rsa:4096 -nodes -sha256 -keyout ~/registry/certs/domain.key \
>   -x509 -days 365 -out ~/registry/certs/domain.crt
Can't load /home/cloud_user/.rnd into RNG
140075692081600:error:2406F079:random number generator:RAND_load_file:Cannot open file:../crypto/rand/randfile.c:88:Filename=/home/cloud_user/.rnd
Generating a RSA private key
.....................................................................++++
.........++++
writing new private key to '/home/cloud_user/registry/certs/domain.key'
-----
You are about to be asked to enter information that will be incorporated
into your certificate request.
What you are about to enter is what is called a Distinguished Name or a DN.
There are quite a few fields but you can leave some blank
For some fields there will be a default value,
If you enter '.', the field will be left blank.
-----
Country Name (2 letter code) [AU]:
State or Province Name (full name) [Some-State]:
Locality Name (eg, city) []:
Organization Name (eg, company) [Internet Widgits Pty Ltd]:
Organizational Unit Name (eg, section) []:
Common Name (e.g. server FQDN or YOUR name) []:ip-10-0-1-101
Email Address []:
cloud_user@ip-10-0-1-101:~$ docker run -d -p 443:443 --restart=always --name registry \
>   -v /home/cloud_user/registry/certs:/certs \
>   -v /home/cloud_user/registry/auth:/auth \
>   -e REGISTRY_HTTP_ADDR=0.0.0.0:443 \
>   -e REGISTRY_HTTP_TLS_CERTIFICATE=/certs/domain.crt \
>   -e REGISTRY_HTTP_TLS_KEY=/certs/domain.key \
>   -e REGISTRY_AUTH=htpasswd \
>   -e "REGISTRY_AUTH_HTPASSWD_REALM=Registry Realm" \
>   -e REGISTRY_AUTH_HTPASSWD_PATH=/auth/htpasswd \
>   registry:2
8ec75b59cf3ca2ed8b072dcb7061f3fd2567fb9437b84bd593f64e8d741272f6
cloud_user@ip-10-0-1-101:~$ curl -k https://localhost:443
cloud_user@ip-10-0-1-101:~$ docker pull ubuntu
Using default tag: latest
latest: Pulling from library/ubuntu
5bed26d33875: Pull complete
f11b29a9c730: Pull complete
930bda195c84: Pull complete
78bf9a5ad49e: Pull complete
Digest: sha256:bec5a2727be7fff3d308193cfde3491f8fba1a2ba392b7546b43a051853a341d
Status: Downloaded newer image for ubuntu:latest
cloud_user@ip-10-0-1-101:~$
cloud_user@ip-10-0-1-101:~$
cloud_user@ip-10-0-1-101:~$ ###taggin image
cloud_user@ip-10-0-1-101:~$ docker tag ubuntu ip-10-0-10-101:443/test-image:1
cloud_user@ip-10-0-1-101:~$ ### pushing image
cloud_user@ip-10-0-1-101:~$ docker push ip-10-0-1-101:443/test-image:1
The push refers to repository [ip-10-0-1-101:443/test-image]
An image does not exist locally with the tag: ip-10-0-1-101:443/test-image
cloud_user@ip-10-0-1-101:~$ docker image ls
REPOSITORY                      TAG                 IMAGE ID            CREATED                                                                                          SIZE
ubuntu                          latest              4e5021d210f6        2 weeks ago                                                                                      64.2MB
ip-10-0-10-101:443/test-image   1                   4e5021d210f6        2 weeks ago                                                                                      64.2MB
registry                        2                   708bc6af7e5e        2 months ago                                                                                     25.8MB
cloud_user@ip-10-0-1-101:~$ docker image ls
REPOSITORY                      TAG                 IMAGE ID            CREATED             SIZE
ubuntu                          latest              4e5021d210f6        2 weeks ago         64.2MB
ip-10-0-10-101:443/test-image   1                   4e5021d210f6        2 weeks ago         64.2MB
registry                        2                   708bc6af7e5e        2 months ago        25.8MB
cloud_user@ip-10-0-1-101:~$ docker push ip-10-0-1-101:443/test-image:1
The push refers to repository [ip-10-0-1-101:443/test-image]
An image does not exist locally with the tag: ip-10-0-1-101:443/test-image
cloud_user@ip-10-0-1-101:~$ docker tag ubuntu ip-10-0-1-101:443/test-image:1
cloud_user@ip-10-0-1-101:~$ docker image ls
REPOSITORY                      TAG                 IMAGE ID            CREATED             SIZE
ubuntu                          latest              4e5021d210f6        2 weeks ago         64.2MB
ip-10-0-1-101:443/test-image    1                   4e5021d210f6        2 weeks ago         64.2MB
ip-10-0-10-101:443/test-image   1                   4e5021d210f6        2 weeks ago         64.2MB
registry                        2                   708bc6af7e5e        2 months ago        25.8MB
cloud_user@ip-10-0-1-101:~$ docker tag ubuntu ip-10-0-10-101:443/test-image:1
cloud_user@ip-10-0-1-101:~$
cloud_user@ip-10-0-1-101:~$
cloud_user@ip-10-0-1-101:~$ ###Verify image pulling by deleting the image locally and re-pulling it from the private repository.
cloud_user@ip-10-0-1-101:~$ docker image ls
REPOSITORY                      TAG                 IMAGE ID            CREATED             SIZE
ip-10-0-10-101:443/test-image   1                   4e5021d210f6        2 weeks ago         64.2MB
ubuntu                          latest              4e5021d210f6        2 weeks ago         64.2MB
ip-10-0-1-101:443/test-image    1                   4e5021d210f6        2 weeks ago         64.2MB
registry                        2                   708bc6af7e5e        2 months ago        25.8MB
cloud_user@ip-10-0-1-101:~$ docker image rm
"docker image rm" requires at least 1 argument.
See 'docker image rm --help'.

Usage:  docker image rm [OPTIONS] IMAGE [IMAGE...]

Remove one or more images
cloud_user@ip-10-0-1-101:~$ docker image rm ip-10-0-1-101:443/test-image:1
Untagged: ip-10-0-1-101:443/test-image:1
cloud_user@ip-10-0-1-101:~$ docker image rm ip-10-0-10-101:443/test-image:1
Untagged: ip-10-0-10-101:443/test-image:1
cloud_user@ip-10-0-1-101:~$
cloud_user@ip-10-0-1-101:~$ docker image ls
REPOSITORY          TAG                 IMAGE ID            CREATED             SIZE
ubuntu              latest              4e5021d210f6        2 weeks ago         64.2MB
registry            2                   708bc6af7e5e        2 months ago        25.8MB
cloud_user@ip-10-0-1-101:~$ docker image pull ip-10-0-1-101:443/test-image:1
Error response from daemon: Get https://ip-10-0-1-101:443/v2/: x509: certificate signed by unknown authority
cloud_user@ip-10-0-1-101:~$ docker image rm ubuntu:latest
Untagged: ubuntu:latest
Untagged: ubuntu@sha256:bec5a2727be7fff3d308193cfde3491f8fba1a2ba392b7546b43a051853a341d
Deleted: sha256:4e5021d210f65ebe915670c7089120120bc0a303b90208592851708c1b8c04bd
Deleted: sha256:1d9112746e9d86157c23e426ce87cc2d7bced0ba2ec8ddbdfbcc3093e0769472
Deleted: sha256:efcf4a93c18b5d01aa8e10a2e3b7e2b2eef0378336456d8653e2d123d6232c1e
Deleted: sha256:1e1aa31289fdca521c403edd6b37317bf0a349a941c7f19b6d9d311f59347502
Deleted: sha256:c8be1b8f4d60d99c281fc2db75e0f56df42a83ad2f0b091621ce19357e19d853
cloud_user@ip-10-0-1-101:~$ docker image ls}

Usage:  docker image COMMAND

Manage images

Commands:
  build       Build an image from a Dockerfile
  history     Show the history of an image
  import      Import the contents from a tarball to create a filesystem image
  inspect     Display detailed information on one or more images
  load        Load an image from a tar archive or STDIN
  ls          List images
  prune       Remove unused images
  pull        Pull an image or a repository from a registry
  push        Push an image or a repository to a registry
  rm          Remove one or more images
  save        Save one or more images to a tar archive (streamed to STDOUT by default)
  tag         Create a tag TARGET_IMAGE that refers to SOURCE_IMAGE

Run 'docker image COMMAND --help' for more information on a command.
cloud_user@ip-10-0-1-101:~$ docker image ls
REPOSITORY          TAG                 IMAGE ID            CREATED             SIZE
registry            2                   708bc6af7e5e        2 months ago        25.8MB
cloud_user@ip-10-0-1-101:~$ docker pull ip-10-0-1-101:443/test-image:1
Error response from daemon: Get https://ip-10-0-1-101:443/v2/: x509: certificate signed by unknown authority
cloud_user@ip-10-0-1-101:~$ docker push ip-10-0-1-101:443/test-image:1^C
cloud_user@ip-10-0-1-101:~$ docker pull ip-10-0-1-101:443/test-image:1
Error response from daemon: Get https://ip-10-0-1-101:443/v2/: x509: certificate signed by unknown authority
cloud_user@ip-10-0-1-101:~$ #####fallo
cloud_user@ip-10-0-1-101:~$

cloud_user@ip-10-0-1-101:~$
cloud_user@ip-10-0-1-101:~$ ### nuevo intento
cloud_user@ip-10-0-1-101:~$ docker pull ubuntu
Using default tag: latest
latest: Pulling from library/ubuntu
5bed26d33875: Pull complete
f11b29a9c730: Pull complete
930bda195c84: Pull complete
78bf9a5ad49e: Pull complete
Digest: sha256:bec5a2727be7fff3d308193cfde3491f8fba1a2ba392b7546b43a051853a341d
Status: Downloaded newer image for ubuntu:latest
cloud_user@ip-10-0-1-101:~$ docker tag ubuntu ip-10-0-1-101:443/test-image:1
cloud_user@ip-10-0-1-101:~$ docker ls}
docker: 'ls}' is not a docker command.
See 'docker --help'
cloud_user@ip-10-0-1-101:~$ docker ls
docker: 'ls' is not a docker command.
See 'docker --help'
cloud_user@ip-10-0-1-101:~$ docker ls
docker: 'ls' is not a docker command.
See 'docker --help'
cloud_user@ip-10-0-1-101:~$ docker image ls
REPOSITORY                     TAG                 IMAGE ID            CREATED             SIZE
ubuntu                         latest              4e5021d210f6        2 weeks ago         64.2MB
ip-10-0-1-101:443/test-image   1                   4e5021d210f6        2 weeks ago         64.2MB
registry                       2                   708bc6af7e5e        2 months ago        25.8MB
cloud_user@ip-10-0-1-101:~$ docker image push ip-10-0-1-101:443/test-image:1
The push refers to repository [ip-10-0-1-101:443/test-image]
Get https://ip-10-0-1-101:443/v2/: x509: certificate signed by unknown authority
cloud_user@ip-10-0-1-101:~$
cloud_user@ip-10-0-1-101:~$ docker login ip-10-0-1-101:443
Username: docker
Password:
}Error response from daemon: Get https://ip-10-0-1-101:443/v2/: x509: certificate signed by unknown authority
cloud_user@ip-10-0-1-101:~$ docker login ip-10-0-1-101:443
Username: docker
Password:
Error response from daemon: Get https://ip-10-0-1-101:443/v2/: x509: certificate signed by unknown authority
cloud_user@ip-10-0-1-101:~$ docker image rm ip-10-0-1-101:443/test-image
Error: No such image: ip-10-0-1-101:443/test-image
cloud_user@ip-10-0-1-101:~$ docker image rm ubuntu
Untagged: ubuntu:latest
Untagged: ubuntu@sha256:bec5a2727be7fff3d308193cfde3491f8fba1a2ba392b7546b43a051853a341d
cloud_user@ip-10-0-1-101:~$ docker image rm ip-10-0-1-101:443/test-image
Error: No such image: ip-10-0-1-101:443/test-image
cloud_user@ip-10-0-1-101:~$ docker image ls
REPOSITORY                     TAG                 IMAGE ID            CREATED             SIZE
ip-10-0-1-101:443/test-image   1                   4e5021d210f6        2 weeks ago         64.2MB
registry                       2                   708bc6af7e5e        2 months ago        25.8MB
cloud_user@ip-10-0-1-101:~$ docker image rm 4e5021d210f6
Untagged: ip-10-0-1-101:443/test-image:1
Deleted: sha256:4e5021d210f65ebe915670c7089120120bc0a303b90208592851708c1b8c04bd
Deleted: sha256:1d9112746e9d86157c23e426ce87cc2d7bced0ba2ec8ddbdfbcc3093e0769472
Deleted: sha256:efcf4a93c18b5d01aa8e10a2e3b7e2b2eef0378336456d8653e2d123d6232c1e
Deleted: sha256:1e1aa31289fdca521c403edd6b37317bf0a349a941c7f19b6d9d311f59347502
Deleted: sha256:c8be1b8f4d60d99c281fc2db75e0f56df42a83ad2f0b091621ce19357e19d853
cloud_user@ip-10-0-1-101:~$ docker image ls
REPOSITORY          TAG                 IMAGE ID            CREATED             SIZE
registry            2                   708bc6af7e5e        2 months ago        25.8MB





Server 102
Ubuntu comes with ABSOLUTELY NO WARRANTY, to the extent permitted by
applicable law.

cloud_user@ip-10-0-1-102:~$ sudo mkdir -p /etc/docker/certs.d/ip-10-0-1-101:443
[sudo] password for cloud_user:
Sorry, try again.
[sudo] password for cloud_user:
cloud_user@ip-10-0-1-102:~$ sudo scp cloud_user@ip-10-0-1-101:/home/cloud_user/registry/certs/domain.crt /etc/docker/certs.d/ip-10-0-1-101:443
The authenticity of host 'ip-10-0-1-101 (10.0.1.101)' can't be established.
ECDSA key fingerprint is SHA256:NpH+y1C4XdocoYsnxmTbuO44Er0WRilikTIp7JYKGFA.
Are you sure you want to continue connecting (yes/no)? yes
Warning: Permanently added 'ip-10-0-1-101,10.0.1.101' (ECDSA) to the list of known hosts.
Password:
domain.crt                                                                                                                           100% 2004     2.7MB/s   00:00
cloud_user@ip-10-0-1-102:~$ docker login ip-10-0-1-101:443
Username: docker
Password:
WARNING! Your password will be stored unencrypted in /home/cloud_user/.docker/config.json.
Configure a credential helper to remove this warning. See
https://docs.docker.com/engine/reference/commandline/login/#credentials-store

Login Succeeded
cloud_user@ip-10-0-1-102:~$ ##### provando el registry
cloud_user@ip-10-0-1-102:~$ docker pull ubuntu
Using default tag: latest
latest: Pulling from library/ubuntu
5bed26d33875: Pull complete
f11b29a9c730: Pull complete
930bda195c84: Pull complete
78bf9a5ad49e: Pull complete
Digest: sha256:bec5a2727be7fff3d308193cfde3491f8fba1a2ba392b7546b43a051853a341d
Status: Downloaded newer image for ubuntu:latest
cloud_user@ip-10-0-1-102:~$ docker image ls
REPOSITORY          TAG                 IMAGE ID            CREATED             SIZE
ubuntu              latest              4e5021d210f6        2 weeks ago         64.2MB
cloud_user@ip-10-0-1-102:~$ docker tag ubuntu ip-10-0-1-101:443/test-image:1
cloud_user@ip-10-0-1-102:~$ docker image ls
REPOSITORY                     TAG                 IMAGE ID            CREATED             SIZE
ubuntu                         latest              4e5021d210f6        2 weeks ago         64.2MB
ip-10-0-1-101:443/test-image   1                   4e5021d210f6        2 weeks ago         64.2MB
cloud_user@ip-10-0-1-102:~$ docker push ip-10-0-1-101:443/test-image:1
The push refers to repository [ip-10-0-1-101:443/test-image]
16542a8fc3be: Pushed
6597da2e2e52: Pushed
977183d4e999: Pushed
c8be1b8f4d60: Pushed
1: digest: sha256:e5dd9dbb37df5b731a6688fa49f4003359f6f126958c9c928f937bec69836320 size: 1152
cloud_user@ip-10-0-1-102:~$ ### terminade de push al regostry , ahora borro las imagenes locales
cloud_user@ip-10-0-1-102:~$ docker image rm 4e5021d210f6 4e5021d210f6
Error response from daemon: conflict: unable to delete 4e5021d210f6 (must be forced) - image is referenced in multiple repositories
Error response from daemon: conflict: unable to delete 4e5021d210f6 (must be forced) - image is referenced in multiple repositories
cloud_user@ip-10-0-1-102:~$ docker image rm 4e5021d210f6
Error response from daemon: conflict: unable to delete 4e5021d210f6 (must be forced) - image is referenced in multiple repositories
cloud_user@ip-10-0-1-102:~$ docker image rm ubuntu
Untagged: ubuntu:latest
Untagged: ubuntu@sha256:bec5a2727be7fff3d308193cfde3491f8fba1a2ba392b7546b43a051853a341d
cloud_user@ip-10-0-1-102:~$ docker  image ls
REPOSITORY                     TAG                 IMAGE ID            CREATED             SIZE
ip-10-0-1-101:443/test-image   1                   4e5021d210f6        2 weeks ago         64.2MB
cloud_user@ip-10-0-1-102:~$ docker image rm ip-10-0-1-101:443/test-image
Error: No such image: ip-10-0-1-101:443/test-image
cloud_user@ip-10-0-1-102:~$ docker image rm ip-10-0-1-101:443/test-image:1
Untagged: ip-10-0-1-101:443/test-image:1
Untagged: ip-10-0-1-101:443/test-image@sha256:e5dd9dbb37df5b731a6688fa49f4003359f6f126958c9c928f937bec69836320
Deleted: sha256:4e5021d210f65ebe915670c7089120120bc0a303b90208592851708c1b8c04bd
Deleted: sha256:1d9112746e9d86157c23e426ce87cc2d7bced0ba2ec8ddbdfbcc3093e0769472
Deleted: sha256:efcf4a93c18b5d01aa8e10a2e3b7e2b2eef0378336456d8653e2d123d6232c1e
Deleted: sha256:1e1aa31289fdca521c403edd6b37317bf0a349a941c7f19b6d9d311f59347502
Deleted: sha256:c8be1b8f4d60d99c281fc2db75e0f56df42a83ad2f0b091621ce19357e19d853
cloud_user@ip-10-0-1-102:~$ docekr image ls

Command 'docekr' not found, did you mean:

  command 'docker' from snap docker (18.09.9)
  command 'docker' from deb docker.io

See 'snap info <snapname>' for additional versions.

cloud_user@ip-10-0-1-102:~$ docker image ls
REPOSITORY          TAG                 IMAGE ID            CREATED             SIZE
cloud_user@ip-10-0-1-102:~$ ## ahora me la traingo del registry
cloud_user@ip-10-0-1-102:~$ docker image pull ip-10-0-1-101:443/test-image:1
1: Pulling from test-image
5bed26d33875: Pull complete
f11b29a9c730: Pull complete
930bda195c84: Pull complete
78bf9a5ad49e: Pull complete
Digest: sha256:e5dd9dbb37df5b731a6688fa49f4003359f6f126958c9c928f937bec69836320
Status: Downloaded newer image for ip-10-0-1-101:443/test-image:1
cloud_user@ip-10-0-1-102:~$ docker image ls
REPOSITORY                     TAG                 IMAGE ID            CREATED             SIZE
ip-10-0-1-101:443/test-image   1                   4e5021d210f6        2 weeks ago         64.2MB
cloud_user@ip-10-0-1-102:~$ packet_write_wait: Connection to 52.90.62.53 port 22: Broken pipe
